Archive member included to satisfy reference by file (symbol)

C:/ST/STM32CubeIDE_1.12.1/STM32CubeIDE/plugins/com.st.stm32cube.ide.mcu.externaltools.gnu-tools-for-stm32.11.3.rel1.win32_1.1.1.202309131626/tools/bin/../lib/gcc/arm-none-eabi/11.3.1/../../../../arm-none-eabi/lib/thumb/v7e-m+dp/hard\libstdc++_nano.a(guard.o)
                              ./Core/Src/HX711_ADC.o (__cxa_guard_acquire)
C:/ST/STM32CubeIDE_1.12.1/STM32CubeIDE/plugins/com.st.stm32cube.ide.mcu.externaltools.gnu-tools-for-stm32.11.3.rel1.win32_1.1.1.202309131626/tools/bin/../lib/gcc/arm-none-eabi/11.3.1/../../../../arm-none-eabi/lib/thumb/v7e-m+dp/hard\libstdc++_nano.a(new_op.o)
                              ./Core/Src/DriveControllTMC.o (operator new(unsigned int))
C:/ST/STM32CubeIDE_1.12.1/STM32CubeIDE/plugins/com.st.stm32cube.ide.mcu.externaltools.gnu-tools-for-stm32.11.3.rel1.win32_1.1.1.202309131626/tools/bin/../lib/gcc/arm-none-eabi/11.3.1/../../../../arm-none-eabi/lib/thumb/v7e-m+dp/hard\libstdc++_nano.a(new_handler.o)
                              C:/ST/STM32CubeIDE_1.12.1/STM32CubeIDE/plugins/com.st.stm32cube.ide.mcu.externaltools.gnu-tools-for-stm32.11.3.rel1.win32_1.1.1.202309131626/tools/bin/../lib/gcc/arm-none-eabi/11.3.1/../../../../arm-none-eabi/lib/thumb/v7e-m+dp/hard\libstdc++_nano.a(new_op.o) (std::get_new_handler())
C:/ST/STM32CubeIDE_1.12.1/STM32CubeIDE/plugins/com.st.stm32cube.ide.mcu.externaltools.gnu-tools-for-stm32.11.3.rel1.win32_1.1.1.202309131626/tools/bin/../lib/gcc/arm-none-eabi/11.3.1/../../../../arm-none-eabi/lib/thumb/v7e-m+dp/hard\libm.a(libm_a-s_sin.o)
                              ./Core/Src/TimerGpio.o (sin)
C:/ST/STM32CubeIDE_1.12.1/STM32CubeIDE/plugins/com.st.stm32cube.ide.mcu.externaltools.gnu-tools-for-stm32.11.3.rel1.win32_1.1.1.202309131626/tools/bin/../lib/gcc/arm-none-eabi/11.3.1/../../../../arm-none-eabi/lib/thumb/v7e-m+dp/hard\libm.a(libm_a-pow.o)
                              ./Core/Src/TimerGpio.o (pow)
C:/ST/STM32CubeIDE_1.12.1/STM32CubeIDE/plugins/com.st.stm32cube.ide.mcu.externaltools.gnu-tools-for-stm32.11.3.rel1.win32_1.1.1.202309131626/tools/bin/../lib/gcc/arm-none-eabi/11.3.1/../../../../arm-none-eabi/lib/thumb/v7e-m+dp/hard\libm.a(libm_a-pow_log_data.o)
                              C:/ST/STM32CubeIDE_1.12.1/STM32CubeIDE/plugins/com.st.stm32cube.ide.mcu.externaltools.gnu-tools-for-stm32.11.3.rel1.win32_1.1.1.202309131626/tools/bin/../lib/gcc/arm-none-eabi/11.3.1/../../../../arm-none-eabi/lib/thumb/v7e-m+dp/hard\libm.a(libm_a-pow.o) (__pow_log_data)
C:/ST/STM32CubeIDE_1.12.1/STM32CubeIDE/plugins/com.st.stm32cube.ide.mcu.externaltools.gnu-tools-for-stm32.11.3.rel1.win32_1.1.1.202309131626/tools/bin/../lib/gcc/arm-none-eabi/11.3.1/../../../../arm-none-eabi/lib/thumb/v7e-m+dp/hard\libm.a(libm_a-s_round.o)
                              ./Core/Src/TimerGpio.o (round)
C:/ST/STM32CubeIDE_1.12.1/STM32CubeIDE/plugins/com.st.stm32cube.ide.mcu.externaltools.gnu-tools-for-stm32.11.3.rel1.win32_1.1.1.202309131626/tools/bin/../lib/gcc/arm-none-eabi/11.3.1/../../../../arm-none-eabi/lib/thumb/v7e-m+dp/hard\libm.a(libm_a-k_cos.o)
                              C:/ST/STM32CubeIDE_1.12.1/STM32CubeIDE/plugins/com.st.stm32cube.ide.mcu.externaltools.gnu-tools-for-stm32.11.3.rel1.win32_1.1.1.202309131626/tools/bin/../lib/gcc/arm-none-eabi/11.3.1/../../../../arm-none-eabi/lib/thumb/v7e-m+dp/hard\libm.a(libm_a-s_sin.o) (__kernel_cos)
C:/ST/STM32CubeIDE_1.12.1/STM32CubeIDE/plugins/com.st.stm32cube.ide.mcu.externaltools.gnu-tools-for-stm32.11.3.rel1.win32_1.1.1.202309131626/tools/bin/../lib/gcc/arm-none-eabi/11.3.1/../../../../arm-none-eabi/lib/thumb/v7e-m+dp/hard\libm.a(libm_a-k_sin.o)
                              C:/ST/STM32CubeIDE_1.12.1/STM32CubeIDE/plugins/com.st.stm32cube.ide.mcu.externaltools.gnu-tools-for-stm32.11.3.rel1.win32_1.1.1.202309131626/tools/bin/../lib/gcc/arm-none-eabi/11.3.1/../../../../arm-none-eabi/lib/thumb/v7e-m+dp/hard\libm.a(libm_a-s_sin.o) (__kernel_sin)
C:/ST/STM32CubeIDE_1.12.1/STM32CubeIDE/plugins/com.st.stm32cube.ide.mcu.externaltools.gnu-tools-for-stm32.11.3.rel1.win32_1.1.1.202309131626/tools/bin/../lib/gcc/arm-none-eabi/11.3.1/../../../../arm-none-eabi/lib/thumb/v7e-m+dp/hard\libm.a(libm_a-e_rem_pio2.o)
                              C:/ST/STM32CubeIDE_1.12.1/STM32CubeIDE/plugins/com.st.stm32cube.ide.mcu.externaltools.gnu-tools-for-stm32.11.3.rel1.win32_1.1.1.202309131626/tools/bin/../lib/gcc/arm-none-eabi/11.3.1/../../../../arm-none-eabi/lib/thumb/v7e-m+dp/hard\libm.a(libm_a-s_sin.o) (__ieee754_rem_pio2)
C:/ST/STM32CubeIDE_1.12.1/STM32CubeIDE/plugins/com.st.stm32cube.ide.mcu.externaltools.gnu-tools-for-stm32.11.3.rel1.win32_1.1.1.202309131626/tools/bin/../lib/gcc/arm-none-eabi/11.3.1/../../../../arm-none-eabi/lib/thumb/v7e-m+dp/hard\libm.a(libm_a-s_fabs.o)
[...]
Memory Configuration

Name             Origin             Length             Attributes
ITCMRAM          0x0000000000000000 0x0000000000010000 xrw
DTCMRAM          0x0000000020000000 0x0000000000020000 xrw
FLASH            0x0000000008000000 0x0000000000100000 xr
RAM_D1           0x0000000024000000 0x0000000000050000 xrw
RAM_D2           0x0000000030000000 0x0000000000008000 xrw
RAM_D3           0x0000000038000000 0x0000000000004000 xrw
*default*        0x0000000000000000 0xffffffffffffffff

Linker script and memory map

LOAD C:/ST/STM32CubeIDE_1.12.1/STM32CubeIDE/plugins/com.st.stm32cube.ide.mcu.externaltools.gnu-tools-for-stm32.11.3.rel1.win32_1.1.1.202309131626/tools/bin/../lib/gcc/arm-none-eabi/11.3.1/thumb/v7e-m+dp/hard/crti.o
LOAD C:/ST/STM32CubeIDE_1.12.1/STM32CubeIDE/plugins/com.st.stm32cube.ide.mcu.externaltools.gnu-tools-for-stm32.11.3.rel1.win32_1.1.1.202309131626/tools/bin/../lib/gcc/arm-none-eabi/11.3.1/thumb/v7e-m+dp/hard/crtbegin.o
LOAD C:/ST/STM32CubeIDE_1.12.1/STM32CubeIDE/plugins/com.st.stm32cube.ide.mcu.externaltools.gnu-tools-for-stm32.11.3.rel1.win32_1.1.1.202309131626/tools/bin/../lib/gcc/arm-none-eabi/11.3.1/../../../../arm-none-eabi/lib/thumb/v7e-m+dp/hard/crt0.o
LOAD ./Core/Src/AD7794.o
LOAD ./Core/Src/DriveControllTMC.o
LOAD ./Core/Src/EventLoop.o
LOAD ./Core/Src/GpioPin.o
LOAD ./Core/Src/HX711_ADC.o
LOAD ./Core/Src/Pinout.o
LOAD ./Core/Src/SPIGpio.o
LOAD ./Core/Src/TimerGpio.o
LOAD ./Core/Src/hx711.o
LOAD ./Core/Src/hx711O.o
LOAD ./Core/Src/inputsCat9555.o
LOAD ./Core/Src/main.o
LOAD ./Core/Src/stm32h7xx_hal_msp.o
LOAD ./Core/Src/stm32h7xx_hal_timebase_tim.o
LOAD ./Core/Src/stm32h7xx_it.o
LOAD ./Core/Src/syscalls.o
LOAD ./Core/Src/sysmem.o
LOAD ./Core/Src/system_stm32h7xx.o
LOAD ./Core/Startup/startup_stm32h725igkx.o
LOAD ./Drivers/STM32H7xx_HAL_Driver/Src/stm32h7xx_hal.o
LOAD ./Drivers/STM32H7xx_HAL_Driver/Src/stm32h7xx_hal_cortex.o
LOAD ./Drivers/STM32H7xx_HAL_Driver/Src/stm32h7xx_hal_dma.o
LOAD ./Drivers/STM32H7xx_HAL_Driver/Src/stm32h7xx_hal_dma_ex.o
LOAD ./Drivers/STM32H7xx_HAL_Driver/Src/stm32h7xx_hal_exti.o
LOAD ./Drivers/STM32H7xx_HAL_Driver/Src/stm32h7xx_hal_flash.o
LOAD ./Drivers/STM32H7xx_HAL_Driver/Src/stm32h7xx_hal_flash_ex.o
LOAD ./Drivers/STM32H7xx_HAL_Driver/Src/stm32h7xx_hal_gpio.o
LOAD ./Drivers/STM32H7xx_HAL_Driver/Src/stm32h7xx_hal_hsem.o
LOAD ./Drivers/STM32H7xx_HAL_Driver/Src/stm32h7xx_hal_i2c.o
LOAD ./Drivers/STM32H7xx_HAL_Driver/Src/stm32h7xx_hal_i2c_ex.o
LOAD ./Drivers/STM32H7xx_HAL_Driver/Src/stm32h7xx_hal_mdma.o
LOAD ./Drivers/STM32H7xx_HAL_Driver/Src/stm32h7xx_hal_pwr.o
LOAD ./Drivers/STM32H7xx_HAL_Driver/Src/stm32h7xx_hal_pwr_ex.o
LOAD ./Drivers/STM32H7xx_HAL_Driver/Src/stm32h7xx_hal_rcc.o
LOAD ./Drivers/STM32H7xx_HAL_Driver/Src/stm32h7xx_hal_rcc_ex.o
LOAD ./Drivers/STM32H7xx_HAL_Driver/Src/stm32h7xx_hal_spi.o
LOAD ./Drivers/STM32H7xx_HAL_Driver/Src/stm32h7xx_hal_spi_ex.o
LOAD ./Drivers/STM32H7xx_HAL_Driver/Src/stm32h7xx_hal_tim.o
LOAD ./Drivers/STM32H7xx_HAL_Driver/Src/stm32h7xx_hal_tim_ex.o
START GROUP
LOAD C:/ST/STM32CubeIDE_1.12.1/STM32CubeIDE/plugins/com.st.stm32cube.ide.mcu.externaltools.gnu-tools-for-stm32.11.3.rel1.win32_1.1.1.202309131626/tools/bin/../lib/gcc/arm-none-eabi/11.3.1/../../../../arm-none-eabi/lib/thumb/v7e-m+dp/hard\libstdc++_nano.a
LOAD C:/ST/STM32CubeIDE_1.12.1/STM32CubeIDE/plugins/com.st.stm32cube.ide.mcu.externaltools.gnu-tools-for-stm32.11.3.rel1.win32_1.1.1.202309131626/tools/bin/../lib/gcc/arm-none-eabi/11.3.1/../../../../arm-none-eabi/lib/thumb/v7e-m+dp/hard\libsupc++_nano.a
END GROUP
LOAD C:/ST/STM32CubeIDE_1.12.1/STM32CubeIDE/plugins/com.st.stm32cube.ide.mcu.externaltools.gnu-tools-for-stm32.11.3.rel1.win32_1.1.1.202309131626/tools/bin/../lib/gcc/arm-none-eabi/11.3.1/../../../../arm-none-eabi/lib/thumb/v7e-m+dp/hard\libstdc++_nano.a
LOAD C:/ST/STM32CubeIDE_1.12.1/STM32CubeIDE/plugins/com.st.stm32cube.ide.mcu.externaltools.gnu-tools-for-stm32.11.3.rel1.win32_1.1.1.202309131626/tools/bin/../lib/gcc/arm-none-eabi/11.3.1/../../../../arm-none-eabi/lib/thumb/v7e-m+dp/hard\libm.a
LOAD C:/ST/STM32CubeIDE_1.12.1/STM32CubeIDE/plugins/com.st.stm32cube.ide.mcu.externaltools.gnu-tools-for-stm32.11.3.rel1.win32_1.1.1.202309131626/tools/bin/../lib/gcc/arm-none-eabi/11.3.1/../../../../arm-none-eabi/lib/thumb/v7e-m+dp/hard\libc_nano.a
START GROUP
LOAD C:/ST/STM32CubeIDE_1.12.1/STM32CubeIDE/plugins/com.st.stm32cube.ide.mcu.externaltools.gnu-tools-for-stm32.11.3.rel1.win32_1.1.1.202309131626/tools/bin/../lib/gcc/arm-none-eabi/11.3.1/thumb/v7e-m+dp/hard\libgcc.a
LOAD C:/ST/STM32CubeIDE_1.12.1/STM32CubeIDE/plugins/com.st.stm32cube.ide.mcu.externaltools.gnu-tools-for-stm32.11.3.rel1.win32_1.1.1.202309131626/tools/bin/../lib/gcc/arm-none-eabi/11.3.1/../../../../arm-none-eabi/lib/thumb/v7e-m+dp/hard\libc_nano.a
END GROUP
START GROUP
LOAD C:/ST/STM32CubeIDE_1.12.1/STM32CubeIDE/plugins/com.st.stm32cube.ide.mcu.externaltools.gnu-tools-for-stm32.11.3.rel1.win32_1.1.1.202309131626/tools/bin/../lib/gcc/arm-none-eabi/11.3.1/thumb/v7e-m+dp/hard\libgcc.a
LOAD C:/ST/STM32CubeIDE_1.12.1/STM32CubeIDE/plugins/com.st.stm32cube.ide.mcu.externaltools.gnu-tools-for-stm32.11.3.rel1.win32_1.1.1.202309131626/tools/bin/../lib/gcc/arm-none-eabi/11.3.1/../../../../arm-none-eabi/lib/thumb/v7e-m+dp/hard\libc_nano.a
END GROUP
LOAD C:/ST/STM32CubeIDE_1.12.1/STM32CubeIDE/plugins/com.st.stm32cube.ide.mcu.externaltools.gnu-tools-for-stm32.11.3.rel1.win32_1.1.1.202309131626/tools/bin/../lib/gcc/arm-none-eabi/11.3.1/thumb/v7e-m+dp/hard/crtend.o
LOAD C:/ST/STM32CubeIDE_1.12.1/STM32CubeIDE/plugins/com.st.stm32cube.ide.mcu.externaltools.gnu-tools-for-stm32.11.3.rel1.win32_1.1.1.202309131626/tools/bin/../lib/gcc/arm-none-eabi/11.3.1/thumb/v7e-m+dp/hard/crtn.o
                0x0000000024050000                _estack = (ORIGIN (RAM_D1) + LENGTH (RAM_D1))
                0x0000000000000200                _Min_Heap_Size = 0x200
                0x0000000000000400                _Min_Stack_Size = 0x400

.isr_vector     0x0000000008000000      0x2cc
                0x0000000008000000                . = ALIGN (0x4)
 *(.isr_vector)
 .isr_vector    0x0000000008000000      0x2cc ./Core/Startup/startup_stm32h725igkx.o
                0x0000000008000000                g_pfnVectors
                0x00000000080002cc                . = ALIGN (0x4)

.text           0x00000000080002cc     0x6848
                0x00000000080002cc                . = ALIGN (0x4)
 *(.text)
 .text          0x00000000080002cc       0x40 C:/ST/STM32CubeIDE_1.12.1/STM32CubeIDE/plugins/com.st.stm32cube.ide.mcu.externaltools.gnu-tools-for-stm32.11.3.rel1.win32_1.1.1.202309131626/tools/bin/../lib/gcc/arm-none-eabi/11.3.1/thumb/v7e-m+dp/hard/crtbegin.o
 *(.text*)
 .text.main     0x000000000800030c      0x290 ./Core/Src/main.o
                0x000000000800030c                main
 .text.SystemClock_Config
                0x000000000800059c       0xe0 ./Core/Src/main.o
                0x000000000800059c                SystemClock_Config
 .text.MX_I2C1_Init
                0x000000000800067c       0x80 ./Core/Src/main.o
 .text.MX_SPI1_Init
                0x00000000080006fc       0xac ./Core/Src/main.o
 .text.MX_SPI2_Init
                0x00000000080007a8       0xb0 ./Core/Src/main.o
 .text.MX_TIM16_Init
                0x0000000008000858       0xf4 ./Core/Src/main.o
 .text.MX_TIM17_Init
                0x000000000800094c       0xf4 ./Core/Src/main.o
 .text.MX_TIM24_Init
                0x0000000008000a40       0xd0 ./Core/Src/main.o
 .text.MX_GPIO_Init
                0x0000000008000b10      0x238 ./Core/Src/main.o
 .text.MPU_Config
                0x0000000008000d48       0x58 ./Core/Src/main.o
 .text.HAL_TIM_PeriodElapsedCallback
                0x0000000008000da0       0x3c ./Core/Src/main.o
                0x0000000008000da0                HAL_TIM_PeriodElapsedCallback
 .text.Error_Handler
                0x0000000008000ddc        0xa ./Core/Src/main.o
                0x0000000008000ddc                Error_Handler
 *fill*         0x0000000008000de6        0x2 
 .text.HAL_MspInit
                0x0000000008000de8       0x34 ./Core/Src/stm32h7xx_hal_msp.o
                0x0000000008000de8                HAL_MspInit
 .text.HAL_I2C_MspInit
                0x0000000008000e1c       0xe4 ./Core/Src/stm32h7xx_hal_msp.o
                0x0000000008000e1c                HAL_I2C_MspInit
 .text.HAL_SPI_MspInit
                0x0000000008000f00      0x27c ./Core/Src/stm32h7xx_hal_msp.o
                0x0000000008000f00                HAL_SPI_MspInit
 .text.HAL_TIM_Base_MspInit
                0x000000000800117c       0x80 ./Core/Src/stm32h7xx_hal_msp.o
                0x000000000800117c                HAL_TIM_Base_MspInit
 .text.HAL_TIM_PWM_MspInit
                0x00000000080011fc       0x44 ./Core/Src/stm32h7xx_hal_msp.o
                0x00000000080011fc                HAL_TIM_PWM_MspInit
 .text.HAL_TIM_MspPostInit
                0x0000000008001240      0x114 ./Core/Src/stm32h7xx_hal_msp.o
                0x0000000008001240                HAL_TIM_MspPostInit
 .text.HAL_InitTick
                0x0000000008001354       0xc4 ./Core/Src/stm32h7xx_hal_timebase_tim.o
                0x0000000008001354                HAL_InitTick
 .text.NMI_Handler
                0x0000000008001418        0x6 ./Core/Src/stm32h7xx_it.o
                0x0000000008001418                NMI_Handler
 .text.HardFault_Handler
                0x000000000800141e        0x6 ./Core/Src/stm32h7xx_it.o
                0x000000000800141e                HardFault_Handler
 .text.MemManage_Handler
                0x0000000008001424        0x6 ./Core/Src/stm32h7xx_it.o
                0x0000000008001424                MemManage_Handler
 .text.BusFault_Handler
                0x000000000800142a        0x6 ./Core/Src/stm32h7xx_it.o
                0x000000000800142a                BusFault_Handler
 .text.UsageFault_Handler
                0x0000000008001430        0x6 ./Core/Src/stm32h7xx_it.o
                0x0000000008001430                UsageFault_Handler
 .text.SVC_Handler
                0x0000000008001436        0xe ./Core/Src/stm32h7xx_it.o
                0x0000000008001436                SVC_Handler
 .text.DebugMon_Handler
                0x0000000008001444        0xe ./Core/Src/stm32h7xx_it.o
                0x0000000008001444                DebugMon_Handler
 .text.PendSV_Handler
                0x0000000008001452        0xe ./Core/Src/stm32h7xx_it.o
                0x0000000008001452                PendSV_Handler
 .text.SysTick_Handler
                0x0000000008001460        0xe ./Core/Src/stm32h7xx_it.o
                0x0000000008001460                SysTick_Handler
 *fill*         0x000000000800146e        0x2 
 .text.TIM1_UP_IRQHandler
                0x0000000008001470       0x14 ./Core/Src/stm32h7xx_it.o
                0x0000000008001470                TIM1_UP_IRQHandler
 .text.I2C1_EV_IRQHandler
                0x0000000008001484       0x14 ./Core/Src/stm32h7xx_it.o
                0x0000000008001484                I2C1_EV_IRQHandler
 .text.SPI1_IRQHandler
                0x0000000008001498       0x14 ./Core/Src/stm32h7xx_it.o
                0x0000000008001498                SPI1_IRQHandler
 .text.SPI2_IRQHandler
                0x00000000080014ac       0x14 ./Core/Src/stm32h7xx_it.o
                0x00000000080014ac                SPI2_IRQHandler
 .text.TIM17_IRQHandler
                0x00000000080014c0       0x14 ./Core/Src/stm32h7xx_it.o
                0x00000000080014c0                TIM17_IRQHandler
 .text.SystemInit
                0x00000000080014d4       0xf0 ./Core/Src/system_stm32h7xx.o
                0x00000000080014d4                SystemInit
 .text.Reset_Handler
                0x00000000080015c4       0x50 ./Core/Startup/startup_stm32h725igkx.o
                0x00000000080015c4                Reset_Handler
 .text.Default_Handler
                0x0000000008001614        0x2 ./Core/Startup/startup_stm32h725igkx.o
                0x0000000008001614                RTC_Alarm_IRQHandler
                0x0000000008001614                EXTI2_IRQHandler
                0x0000000008001614                TIM8_CC_IRQHandler
                0x0000000008001614                UART8_IRQHandler
                0x0000000008001614                SPI4_IRQHandler
                0x0000000008001614                FDCAN3_IT0_IRQHandler
                0x0000000008001614                TIM1_CC_IRQHandler
                0x0000000008001614                BDMA_Channel6_IRQHandler
                0x0000000008001614                DMA2_Stream5_IRQHandler
                0x0000000008001614                DMA1_Stream5_IRQHandler
                0x0000000008001614                CORDIC_IRQHandler
                0x0000000008001614                BDMA_Channel1_IRQHandler
                0x0000000008001614                TAMP_STAMP_IRQHandler
                0x0000000008001614                EXTI3_IRQHandler
                0x0000000008001614                LPTIM4_IRQHandler
                0x0000000008001614                TIM8_TRG_COM_TIM14_IRQHandler
                0x0000000008001614                LPTIM2_IRQHandler
                0x0000000008001614                DFSDM1_FLT1_IRQHandler
                0x0000000008001614                DMAMUX2_OVR_IRQHandler
                0x0000000008001614                TIM8_UP_TIM13_IRQHandler
                0x0000000008001614                I2C3_ER_IRQHandler
                0x0000000008001614                DFSDM1_FLT2_IRQHandler
                0x0000000008001614                I2C5_EV_IRQHandler
                0x0000000008001614                USART10_IRQHandler
                0x0000000008001614                MDMA_IRQHandler
                0x0000000008001614                LPTIM3_IRQHandler
                0x0000000008001614                HSEM1_IRQHandler
                0x0000000008001614                EXTI0_IRQHandler
                0x0000000008001614                I2C2_EV_IRQHandler
                0x0000000008001614                DMA1_Stream2_IRQHandler
                0x0000000008001614                FPU_IRQHandler
                0x0000000008001614                OTG_HS_WKUP_IRQHandler
                0x0000000008001614                FDCAN1_IT1_IRQHandler
                0x0000000008001614                LTDC_ER_IRQHandler
                0x0000000008001614                DMA2_Stream2_IRQHandler
                0x0000000008001614                OCTOSPI1_IRQHandler
                0x0000000008001614                TIM6_DAC_IRQHandler
                0x0000000008001614                DMA2_Stream3_IRQHandler
                0x0000000008001614                OCTOSPI2_IRQHandler
                0x0000000008001614                DFSDM1_FLT3_IRQHandler
                0x0000000008001614                TIM23_IRQHandler
                0x0000000008001614                USART6_IRQHandler
                0x0000000008001614                USART3_IRQHandler
                0x0000000008001614                BDMA_Channel7_IRQHandler
                0x0000000008001614                LPTIM5_IRQHandler
                0x0000000008001614                UART5_IRQHandler
                0x0000000008001614                ADC3_IRQHandler
                0x0000000008001614                DMA2_Stream0_IRQHandler
                0x0000000008001614                TIM4_IRQHandler
                0x0000000008001614                BDMA_Channel2_IRQHandler
                0x0000000008001614                DMA1_Stream6_IRQHandler
                0x0000000008001614                DMAMUX1_OVR_IRQHandler
                0x0000000008001614                DMA1_Stream1_IRQHandler
                0x0000000008001614                TIM16_IRQHandler
                0x0000000008001614                UART4_IRQHandler
                0x0000000008001614                BDMA_Channel5_IRQHandler
                0x0000000008001614                TIM3_IRQHandler
                0x0000000008001614                RCC_IRQHandler
                0x0000000008001614                UART9_IRQHandler
                0x0000000008001614                TIM8_BRK_TIM12_IRQHandler
                0x0000000008001614                TIM1_TRG_COM_IRQHandler
                0x0000000008001614                Default_Handler
                0x0000000008001614                ECC_IRQHandler
                0x0000000008001614                FMAC_IRQHandler
                0x0000000008001614                CEC_IRQHandler
                0x0000000008001614                EXTI15_10_IRQHandler
                0x0000000008001614                BDMA_Channel0_IRQHandler
                0x0000000008001614                ADC_IRQHandler
                0x0000000008001614                I2C5_ER_IRQHandler
                0x0000000008001614                DMA1_Stream7_IRQHandler
                0x0000000008001614                SPI5_IRQHandler
                0x0000000008001614                TIM7_IRQHandler
                0x0000000008001614                FDCAN3_IT1_IRQHandler
                0x0000000008001614                SDMMC1_IRQHandler
                0x0000000008001614                TIM5_IRQHandler
                0x0000000008001614                DMA2_Stream7_IRQHandler
                0x0000000008001614                TIM15_IRQHandler
                0x0000000008001614                PVD_AVD_IRQHandler
                0x0000000008001614                I2C3_EV_IRQHandler
                0x0000000008001614                EXTI9_5_IRQHandler
                0x0000000008001614                RTC_WKUP_IRQHandler
                0x0000000008001614                LTDC_IRQHandler
                0x0000000008001614                ETH_WKUP_IRQHandler
                0x0000000008001614                SPDIF_RX_IRQHandler
                0x0000000008001614                OTG_HS_EP1_IN_IRQHandler
                0x0000000008001614                DMA1_Stream0_IRQHandler
                0x0000000008001614                TIM24_IRQHandler
                0x0000000008001614                CRS_IRQHandler
                0x0000000008001614                EXTI4_IRQHandler
                0x0000000008001614                RNG_IRQHandler
                0x0000000008001614                FDCAN2_IT1_IRQHandler
                0x0000000008001614                ETH_IRQHandler
                0x0000000008001614                BDMA_Channel4_IRQHandler
                0x0000000008001614                OTG_HS_EP1_OUT_IRQHandler
                0x0000000008001614                WWDG_IRQHandler
                0x0000000008001614                SPI6_IRQHandler
                0x0000000008001614                MDIOS_IRQHandler
                0x0000000008001614                I2C4_EV_IRQHandler
                0x0000000008001614                FDCAN2_IT0_IRQHandler
                0x0000000008001614                LPUART1_IRQHandler
                0x0000000008001614                FDCAN1_IT0_IRQHandler
                0x0000000008001614                TIM2_IRQHandler
                0x0000000008001614                OTG_HS_IRQHandler
                0x0000000008001614                DMA2D_IRQHandler
                0x0000000008001614                TIM1_BRK_IRQHandler
                0x0000000008001614                EXTI1_IRQHandler
                0x0000000008001614                SDMMC2_IRQHandler
                0x0000000008001614                BDMA_Channel3_IRQHandler
                0x0000000008001614                DTS_IRQHandler
                0x0000000008001614                UART7_IRQHandler
                0x0000000008001614                MDIOS_WKUP_IRQHandler
                0x0000000008001614                USART2_IRQHandler
                0x0000000008001614                DFSDM1_FLT0_IRQHandler
                0x0000000008001614                SAI4_IRQHandler
                0x0000000008001614                I2C2_ER_IRQHandler
                0x0000000008001614                DMA2_Stream1_IRQHandler
                0x0000000008001614                FLASH_IRQHandler
                0x0000000008001614                DMA2_Stream4_IRQHandler
                0x0000000008001614                USART1_IRQHandler
                0x0000000008001614                SPI3_IRQHandler
                0x0000000008001614                WAKEUP_PIN_IRQHandler
                0x0000000008001614                DMA1_Stream4_IRQHandler
                0x0000000008001614                I2C1_ER_IRQHandler
                0x0000000008001614                FMC_IRQHandler
                0x0000000008001614                FDCAN_CAL_IRQHandler
                0x0000000008001614                SWPMI1_IRQHandler
                0x0000000008001614                COMP1_IRQHandler
                0x0000000008001614                LPTIM1_IRQHandler
                0x0000000008001614                DCMI_PSSI_IRQHandler
                0x0000000008001614                I2C4_ER_IRQHandler
                0x0000000008001614                DMA2_Stream6_IRQHandler
                0x0000000008001614                SAI1_IRQHandler
                0x0000000008001614                DMA1_Stream3_IRQHandler
 *fill*         0x0000000008001616        0x2 
 .text.HAL_Init
                0x0000000008001618       0x78 ./Drivers/STM32H7xx_HAL_Driver/Src/stm32h7xx_hal.o
                0x0000000008001618                HAL_Init
 .text.HAL_IncTick
                0x0000000008001690       0x28 ./Drivers/STM32H7xx_HAL_Driver/Src/stm32h7xx_hal.o
                0x0000000008001690                HAL_IncTick
 .text.HAL_GetTick
                0x00000000080016b8       0x18 ./Drivers/STM32H7xx_HAL_Driver/Src/stm32h7xx_hal.o
                0x00000000080016b8                HAL_GetTick
 .text.HAL_Delay
                0x00000000080016d0       0x48 ./Drivers/STM32H7xx_HAL_Driver/Src/stm32h7xx_hal.o
                0x00000000080016d0                HAL_Delay
 .text.__NVIC_SetPriorityGrouping
                0x0000000008001718       0x48 ./Drivers/STM32H7xx_HAL_Driver/Src/stm32h7xx_hal_cortex.o
 .text.__NVIC_GetPriorityGrouping
                0x0000000008001760       0x1c ./Drivers/STM32H7xx_HAL_Driver/Src/stm32h7xx_hal_cortex.o
 .text.__NVIC_EnableIRQ
                0x000000000800177c       0x3c ./Drivers/STM32H7xx_HAL_Driver/Src/stm32h7xx_hal_cortex.o
 .text.__NVIC_SetPriority
                0x00000000080017b8       0x54 ./Drivers/STM32H7xx_HAL_Driver/Src/stm32h7xx_hal_cortex.o
 .text.NVIC_EncodePriority
                0x000000000800180c       0x66 ./Drivers/STM32H7xx_HAL_Driver/Src/stm32h7xx_hal_cortex.o
 .text.HAL_NVIC_SetPriorityGrouping
                0x0000000008001872       0x16 ./Drivers/STM32H7xx_HAL_Driver/Src/stm32h7xx_hal_cortex.o
                0x0000000008001872                HAL_NVIC_SetPriorityGrouping
 .text.HAL_NVIC_SetPriority
                0x0000000008001888       0x34 ./Drivers/STM32H7xx_HAL_Driver/Src/stm32h7xx_hal_cortex.o
                0x0000000008001888                HAL_NVIC_SetPriority
 .text.HAL_NVIC_EnableIRQ
                0x00000000080018bc       0x1c ./Drivers/STM32H7xx_HAL_Driver/Src/stm32h7xx_hal_cortex.o
                0x00000000080018bc                HAL_NVIC_EnableIRQ
 .text.HAL_MPU_Disable
                0x00000000080018d8       0x30 ./Drivers/STM32H7xx_HAL_Driver/Src/stm32h7xx_hal_cortex.o
                0x00000000080018d8                HAL_MPU_Disable
 .text.HAL_MPU_Enable
                0x0000000008001908       0x40 ./Drivers/STM32H7xx_HAL_Driver/Src/stm32h7xx_hal_cortex.o
                0x0000000008001908                HAL_MPU_Enable
 .text.HAL_MPU_ConfigRegion
                0x0000000008001948       0x88 ./Drivers/STM32H7xx_HAL_Driver/Src/stm32h7xx_hal_cortex.o
                0x0000000008001948                HAL_MPU_ConfigRegion
 .text.HAL_DMA_Abort_IT
                0x00000000080019d0      0x48c ./Drivers/STM32H7xx_HAL_Driver/Src/stm32h7xx_hal_dma.o
                0x00000000080019d0                HAL_DMA_Abort_IT
 .text.HAL_GPIO_Init
                0x0000000008001e5c      0x350 ./Drivers/STM32H7xx_HAL_Driver/Src/stm32h7xx_hal_gpio.o
                0x0000000008001e5c                HAL_GPIO_Init
 .text.HAL_GPIO_ReadPin
                0x00000000080021ac       0x30 ./Drivers/STM32H7xx_HAL_Driver/Src/stm32h7xx_hal_gpio.o
                0x00000000080021ac                HAL_GPIO_ReadPin
 .text.HAL_GPIO_WritePin
                0x00000000080021dc       0x32 ./Drivers/STM32H7xx_HAL_Driver/Src/stm32h7xx_hal_gpio.o
                0x00000000080021dc                HAL_GPIO_WritePin
 *fill*         0x000000000800220e        0x2 
 .text.HAL_I2C_Init
                0x0000000008002210      0x120 ./Drivers/STM32H7xx_HAL_Driver/Src/stm32h7xx_hal_i2c.o
                0x0000000008002210                HAL_I2C_Init
 .text.HAL_I2C_EV_IRQHandler
                0x0000000008002330       0x34 ./Drivers/STM32H7xx_HAL_Driver/Src/stm32h7xx_hal_i2c.o
                0x0000000008002330                HAL_I2C_EV_IRQHandler
 .text.HAL_I2CEx_ConfigAnalogFilter
                0x0000000008002364       0x96 ./Drivers/STM32H7xx_HAL_Driver/Src/stm32h7xx_hal_i2c_ex.o
                0x0000000008002364                HAL_I2CEx_ConfigAnalogFilter
 .text.HAL_I2CEx_ConfigDigitalFilter
                0x00000000080023fa       0x98 ./Drivers/STM32H7xx_HAL_Driver/Src/stm32h7xx_hal_i2c_ex.o
                0x00000000080023fa                HAL_I2CEx_ConfigDigitalFilter
 *fill*         0x0000000008002492        0x2 
 .text.HAL_PWREx_ConfigSupply
                0x0000000008002494       0xb4 ./Drivers/STM32H7xx_HAL_Driver/Src/stm32h7xx_hal_pwr_ex.o
                0x0000000008002494                HAL_PWREx_ConfigSupply
 .text.HAL_RCC_OscConfig
                0x0000000008002548      0x7b4 ./Drivers/STM32H7xx_HAL_Driver/Src/stm32h7xx_hal_rcc.o
                0x0000000008002548                HAL_RCC_OscConfig
 .text.HAL_RCC_ClockConfig
                0x0000000008002cfc      0x36c ./Drivers/STM32H7xx_HAL_Driver/Src/stm32h7xx_hal_rcc.o
                0x0000000008002cfc                HAL_RCC_ClockConfig
 .text.HAL_RCC_GetSysClockFreq
                0x0000000008003068      0x2f4 ./Drivers/STM32H7xx_HAL_Driver/Src/stm32h7xx_hal_rcc.o
                0x0000000008003068                HAL_RCC_GetSysClockFreq
 .text.HAL_RCC_GetHCLKFreq
                0x000000000800335c       0x60 ./Drivers/STM32H7xx_HAL_Driver/Src/stm32h7xx_hal_rcc.o
                0x000000000800335c                HAL_RCC_GetHCLKFreq
 .text.HAL_RCC_GetPCLK2Freq
                0x00000000080033bc       0x2c ./Drivers/STM32H7xx_HAL_Driver/Src/stm32h7xx_hal_rcc.o
                0x00000000080033bc                HAL_RCC_GetPCLK2Freq
 .text.HAL_RCC_GetClockConfig
                0x00000000080033e8       0x84 ./Drivers/STM32H7xx_HAL_Driver/Src/stm32h7xx_hal_rcc.o
                0x00000000080033e8                HAL_RCC_GetClockConfig
 .text.HAL_RCCEx_PeriphCLKConfig
                0x000000000800346c     0x1340 ./Drivers/STM32H7xx_HAL_Driver/Src/stm32h7xx_hal_rcc_ex.o
                0x000000000800346c                HAL_RCCEx_PeriphCLKConfig
 .text.RCCEx_PLL2_Config
                0x00000000080047ac      0x164 ./Drivers/STM32H7xx_HAL_Driver/Src/stm32h7xx_hal_rcc_ex.o
 .text.RCCEx_PLL3_Config
                0x0000000008004910      0x164 ./Drivers/STM32H7xx_HAL_Driver/Src/stm32h7xx_hal_rcc_ex.o
 .text.HAL_SPI_Init
                0x0000000008004a74      0x248 ./Drivers/STM32H7xx_HAL_Driver/Src/stm32h7xx_hal_spi.o
                0x0000000008004a74                HAL_SPI_Init
 .text.HAL_SPI_Transmit
                0x0000000008004cbc      0x3f8 ./Drivers/STM32H7xx_HAL_Driver/Src/stm32h7xx_hal_spi.o
                0x0000000008004cbc                HAL_SPI_Transmit
 .text.HAL_SPI_Receive
                0x00000000080050b4      0x320 ./Drivers/STM32H7xx_HAL_Driver/Src/stm32h7xx_hal_spi.o
                0x00000000080050b4                HAL_SPI_Receive
 .text.HAL_SPI_IRQHandler
                0x00000000080053d4      0x39c ./Drivers/STM32H7xx_HAL_Driver/Src/stm32h7xx_hal_spi.o
                0x00000000080053d4                HAL_SPI_IRQHandler
 .text.HAL_SPI_TxCpltCallback
                0x0000000008005770       0x14 ./Drivers/STM32H7xx_HAL_Driver/Src/stm32h7xx_hal_spi.o
                0x0000000008005770                HAL_SPI_TxCpltCallback
 .text.HAL_SPI_RxCpltCallback
                0x0000000008005784       0x14 ./Drivers/STM32H7xx_HAL_Driver/Src/stm32h7xx_hal_spi.o
                0x0000000008005784                HAL_SPI_RxCpltCallback
 .text.HAL_SPI_TxRxCpltCallback
                0x0000000008005798       0x14 ./Drivers/STM32H7xx_HAL_Driver/Src/stm32h7xx_hal_spi.o
                0x0000000008005798                HAL_SPI_TxRxCpltCallback
 .text.HAL_SPI_ErrorCallback
                0x00000000080057ac       0x14 ./Drivers/STM32H7xx_HAL_Driver/Src/stm32h7xx_hal_spi.o
                0x00000000080057ac                HAL_SPI_ErrorCallback
 .text.HAL_SPI_SuspendCallback
                0x00000000080057c0       0x14 ./Drivers/STM32H7xx_HAL_Driver/Src/stm32h7xx_hal_spi.o
                0x00000000080057c0                HAL_SPI_SuspendCallback
 .text.SPI_DMAAbortOnError
                0x00000000080057d4       0x34 ./Drivers/STM32H7xx_HAL_Driver/Src/stm32h7xx_hal_spi.o
 .text.SPI_CloseTransfer
                0x0000000008005808      0x140 ./Drivers/STM32H7xx_HAL_Driver/Src/stm32h7xx_hal_spi.o
 .text.SPI_WaitOnFlagUntilTimeout
                0x0000000008005948       0x5c ./Drivers/STM32H7xx_HAL_Driver/Src/stm32h7xx_hal_spi.o
 .text.SPI_GetPacketSize
                0x00000000080059a4       0x36 ./Drivers/STM32H7xx_HAL_Driver/Src/stm32h7xx_hal_spi.o
 .text.HAL_TIM_Base_Init
                0x00000000080059da       0xae ./Drivers/STM32H7xx_HAL_Driver/Src/stm32h7xx_hal_tim.o
                0x00000000080059da                HAL_TIM_Base_Init
 .text.HAL_TIM_Base_Start_IT
                0x0000000008005a88      0x10c ./Drivers/STM32H7xx_HAL_Driver/Src/stm32h7xx_hal_tim.o
                0x0000000008005a88                HAL_TIM_Base_Start_IT
 .text.HAL_TIM_PWM_Init
                0x0000000008005b94       0xae ./Drivers/STM32H7xx_HAL_Driver/Src/stm32h7xx_hal_tim.o
                0x0000000008005b94                HAL_TIM_PWM_Init
 .text.HAL_TIM_IRQHandler
                0x0000000008005c42      0x23e ./Drivers/STM32H7xx_HAL_Driver/Src/stm32h7xx_hal_tim.o
                0x0000000008005c42                HAL_TIM_IRQHandler
 .text.HAL_TIM_PWM_ConfigChannel
                0x0000000008005e80      0x228 ./Drivers/STM32H7xx_HAL_Driver/Src/stm32h7xx_hal_tim.o
                0x0000000008005e80                HAL_TIM_PWM_ConfigChannel
 .text.HAL_TIM_OC_DelayElapsedCallback
                0x00000000080060a8       0x14 ./Drivers/STM32H7xx_HAL_Driver/Src/stm32h7xx_hal_tim.o
                0x00000000080060a8                HAL_TIM_OC_DelayElapsedCallback
 .text.HAL_TIM_IC_CaptureCallback
                0x00000000080060bc       0x14 ./Drivers/STM32H7xx_HAL_Driver/Src/stm32h7xx_hal_tim.o
                0x00000000080060bc                HAL_TIM_IC_CaptureCallback
 .text.HAL_TIM_PWM_PulseFinishedCallback
                0x00000000080060d0       0x14 ./Drivers/STM32H7xx_HAL_Driver/Src/stm32h7xx_hal_tim.o
                0x00000000080060d0                HAL_TIM_PWM_PulseFinishedCallback
 .text.HAL_TIM_TriggerCallback
                0x00000000080060e4       0x14 ./Drivers/STM32H7xx_HAL_Driver/Src/stm32h7xx_hal_tim.o
                0x00000000080060e4                HAL_TIM_TriggerCallback
 .text.TIM_Base_SetConfig
                0x00000000080060f8      0x14c ./Drivers/STM32H7xx_HAL_Driver/Src/stm32h7xx_hal_tim.o
                0x00000000080060f8                TIM_Base_SetConfig
 .text.TIM_OC1_SetConfig
                0x0000000008006244      0x120 ./Drivers/STM32H7xx_HAL_Driver/Src/stm32h7xx_hal_tim.o
 .text.TIM_OC2_SetConfig
                0x0000000008006364      0x114 ./Drivers/STM32H7xx_HAL_Driver/Src/stm32h7xx_hal_tim.o
                0x0000000008006364                TIM_OC2_SetConfig
 .text.TIM_OC3_SetConfig
                0x0000000008006478      0x110 ./Drivers/STM32H7xx_HAL_Driver/Src/stm32h7xx_hal_tim.o
 .text.TIM_OC4_SetConfig
                0x0000000008006588       0xd4 ./Drivers/STM32H7xx_HAL_Driver/Src/stm32h7xx_hal_tim.o
 .text.TIM_OC5_SetConfig
                0x000000000800665c       0xc8 ./Drivers/STM32H7xx_HAL_Driver/Src/stm32h7xx_hal_tim.o
 .text.TIM_OC6_SetConfig
                0x0000000008006724       0xcc ./Drivers/STM32H7xx_HAL_Driver/Src/stm32h7xx_hal_tim.o
 .text.HAL_TIMEx_MasterConfigSynchronization
                0x00000000080067f0      0x138 ./Drivers/STM32H7xx_HAL_Driver/Src/stm32h7xx_hal_tim_ex.o
                0x00000000080067f0                HAL_TIMEx_MasterConfigSynchronization
 .text.HAL_TIMEx_ConfigBreakDeadTime
                0x0000000008006928      0x140 ./Drivers/STM32H7xx_HAL_Driver/Src/stm32h7xx_hal_tim_ex.o
                0x0000000008006928                HAL_TIMEx_ConfigBreakDeadTime
 .text.HAL_TIMEx_CommutCallback
                0x0000000008006a68       0x14 ./Drivers/STM32H7xx_HAL_Driver/Src/stm32h7xx_hal_tim_ex.o
                0x0000000008006a68                HAL_TIMEx_CommutCallback
 .text.HAL_TIMEx_BreakCallback
                0x0000000008006a7c       0x14 ./Drivers/STM32H7xx_HAL_Driver/Src/stm32h7xx_hal_tim_ex.o
                0x0000000008006a7c                HAL_TIMEx_BreakCallback
 .text.HAL_TIMEx_Break2Callback
                0x0000000008006a90       0x14 ./Drivers/STM32H7xx_HAL_Driver/Src/stm32h7xx_hal_tim_ex.o
                0x0000000008006a90                HAL_TIMEx_Break2Callback
 .text.memset   0x0000000008006aa4       0x10 C:/ST/STM32CubeIDE_1.12.1/STM32CubeIDE/plugins/com.st.stm32cube.ide.mcu.externaltools.gnu-tools-for-stm32.11.3.rel1.win32_1.1.1.202309131626/tools/bin/../lib/gcc/arm-none-eabi/11.3.1/../../../../arm-none-eabi/lib/thumb/v7e-m+dp/hard\libc_nano.a(libc_a-memset.o)
                0x0000000008006aa4                memset
 .text.__libc_init_array
                0x0000000008006ab4       0x48 C:/ST/STM32CubeIDE_1.12.1/STM32CubeIDE/plugins/com.st.stm32cube.ide.mcu.externaltools.gnu-tools-for-stm32.11.3.rel1.win32_1.1.1.202309131626/tools/bin/../lib/gcc/arm-none-eabi/11.3.1/../../../../arm-none-eabi/lib/thumb/v7e-m+dp/hard\libc_nano.a(libc_a-init.o)
                0x0000000008006ab4                __libc_init_array
 *(.glue_7)
 .glue_7        0x0000000008006afc        0x0 linker stubs
 *(.glue_7t)
 .glue_7t       0x0000000008006afc        0x0 linker stubs
 *(.eh_frame)
 .eh_frame      0x0000000008006afc        0x0 C:/ST/STM32CubeIDE_1.12.1/STM32CubeIDE/plugins/com.st.stm32cube.ide.mcu.externaltools.gnu-tools-for-stm32.11.3.rel1.win32_1.1.1.202309131626/tools/bin/../lib/gcc/arm-none-eabi/11.3.1/thumb/v7e-m+dp/hard/crtbegin.o
 *(.init)
 .init          0x0000000008006afc        0x4 C:/ST/STM32CubeIDE_1.12.1/STM32CubeIDE/plugins/com.st.stm32cube.ide.mcu.externaltools.gnu-tools-for-stm32.11.3.rel1.win32_1.1.1.202309131626/tools/bin/../lib/gcc/arm-none-eabi/11.3.1/thumb/v7e-m+dp/hard/crti.o
                0x0000000008006afc                _init
 .init          0x0000000008006b00        0x8 C:/ST/STM32CubeIDE_1.12.1/STM32CubeIDE/plugins/com.st.stm32cube.ide.mcu.externaltools.gnu-tools-for-stm32.11.3.rel1.win32_1.1.1.202309131626/tools/bin/../lib/gcc/arm-none-eabi/11.3.1/thumb/v7e-m+dp/hard/crtn.o
 *(.fini)
 .fini          0x0000000008006b08        0x4 C:/ST/STM32CubeIDE_1.12.1/STM32CubeIDE/plugins/com.st.stm32cube.ide.mcu.externaltools.gnu-tools-for-stm32.11.3.rel1.win32_1.1.1.202309131626/tools/bin/../lib/gcc/arm-none-eabi/11.3.1/thumb/v7e-m+dp/hard/crti.o
                0x0000000008006b08                _fini
 .fini          0x0000000008006b0c        0x8 C:/ST/STM32CubeIDE_1.12.1/STM32CubeIDE/plugins/com.st.stm32cube.ide.mcu.externaltools.gnu-tools-for-stm32.11.3.rel1.win32_1.1.1.202309131626/tools/bin/../lib/gcc/arm-none-eabi/11.3.1/thumb/v7e-m+dp/hard/crtn.o
                0x0000000008006b14                . = ALIGN (0x4)
                0x0000000008006b14                _etext = .

.vfp11_veneer   0x0000000008006b14        0x0
 .vfp11_veneer  0x0000000008006b14        0x0 linker stubs

.v4_bx          0x0000000008006b14        0x0
 .v4_bx         0x0000000008006b14        0x0 linker stubs

.iplt           0x0000000008006b14        0x0
 .iplt          0x0000000008006b14        0x0 C:/ST/STM32CubeIDE_1.12.1/STM32CubeIDE/plugins/com.st.stm32cube.ide.mcu.externaltools.gnu-tools-for-stm32.11.3.rel1.win32_1.1.1.202309131626/tools/bin/../lib/gcc/arm-none-eabi/11.3.1/thumb/v7e-m+dp/hard/crtbegin.o

.rodata         0x0000000008006b14       0x4c
                0x0000000008006b14                . = ALIGN (0x4)
 *(.rodata)
 .rodata        0x0000000008006b14       0x39 ./Core/Src/main.o
 *(.rodata*)
 *fill*         0x0000000008006b4d        0x3 
 .rodata.D1CorePrescTable
                0x0000000008006b50       0x10 ./Core/Src/system_stm32h7xx.o
                0x0000000008006b50                D1CorePrescTable
                0x0000000008006b60                . = ALIGN (0x4)

.rel.dyn        0x0000000008006b60        0x0
 .rel.iplt      0x0000000008006b60        0x0 C:/ST/STM32CubeIDE_1.12.1/STM32CubeIDE/plugins/com.st.stm32cube.ide.mcu.externaltools.gnu-tools-for-stm32.11.3.rel1.win32_1.1.1.202309131626/tools/bin/../lib/gcc/arm-none-eabi/11.3.1/thumb/v7e-m+dp/hard/crtbegin.o

.ARM.extab
 *(.ARM.extab* .gnu.linkonce.armextab.*)

.ARM            0x0000000008006b60        0x0
                0x0000000008006b60                __exidx_start = .
 *(.ARM.exidx*)
                0x0000000008006b60                __exidx_end = .

.preinit_array  0x0000000008006b60        0x0
                0x0000000008006b60                PROVIDE (__preinit_array_start = .)
 *(.preinit_array*)
                0x0000000008006b60                PROVIDE (__preinit_array_end = .)

.init_array     0x0000000008006b60        0x4
                0x0000000008006b60                PROVIDE (__init_array_start = .)
 *(SORT_BY_NAME(.init_array.*))
 *(.init_array*)
 .init_array    0x0000000008006b60        0x4 C:/ST/STM32CubeIDE_1.12.1/STM32CubeIDE/plugins/com.st.stm32cube.ide.mcu.externaltools.gnu-tools-for-stm32.11.3.rel1.win32_1.1.1.202309131626/tools/bin/../lib/gcc/arm-none-eabi/11.3.1/thumb/v7e-m+dp/hard/crtbegin.o
                0x0000000008006b64                PROVIDE (__init_array_end = .)

.fini_array     0x0000000008006b64        0x4
                [!provide]                        PROVIDE (__fini_array_start = .)
 *(SORT_BY_NAME(.fini_array.*))
 *(.fini_array*)
 .fini_array    0x0000000008006b64        0x4 C:/ST/STM32CubeIDE_1.12.1/STM32CubeIDE/plugins/com.st.stm32cube.ide.mcu.externaltools.gnu-tools-for-stm32.11.3.rel1.win32_1.1.1.202309131626/tools/bin/../lib/gcc/arm-none-eabi/11.3.1/thumb/v7e-m+dp/hard/crtbegin.o
                [!provide]                        PROVIDE (__fini_array_end = .)
                0x0000000008006b68                _sidata = LOADADDR (.data)

.data           0x0000000024000000       0x10 load address 0x0000000008006b68
                0x0000000024000000                . = ALIGN (0x4)
                0x0000000024000000                _sdata = .
 *(.data)
 *(.data*)
 .data.SystemCoreClock
                0x0000000024000000        0x4 ./Core/Src/system_stm32h7xx.o
                0x0000000024000000                SystemCoreClock
 .data.SystemD2Clock
                0x0000000024000004        0x4 ./Core/Src/system_stm32h7xx.o
                0x0000000024000004                SystemD2Clock
 .data.uwTickPrio
                0x0000000024000008        0x4 ./Drivers/STM32H7xx_HAL_Driver/Src/stm32h7xx_hal.o
                0x0000000024000008                uwTickPrio
 .data.uwTickFreq
                0x000000002400000c        0x1 ./Drivers/STM32H7xx_HAL_Driver/Src/stm32h7xx_hal.o
                0x000000002400000c                uwTickFreq
 *(.RamFunc)
 *(.RamFunc*)
                0x0000000024000010                . = ALIGN (0x4)
 *fill*         0x000000002400000d        0x3 
                0x0000000024000010                _edata = .

.igot.plt       0x0000000024000010        0x0 load address 0x0000000008006b78
 .igot.plt      0x0000000024000010        0x0 C:/ST/STM32CubeIDE_1.12.1/STM32CubeIDE/plugins/com.st.stm32cube.ide.mcu.externaltools.gnu-tools-for-stm32.11.3.rel1.win32_1.1.1.202309131626/tools/bin/../lib/gcc/arm-none-eabi/11.3.1/thumb/v7e-m+dp/hard/crtbegin.o
                0x0000000024000010                . = ALIGN (0x4)

.bss            0x0000000024000010      0x2b8 load address 0x0000000008006b78
                0x0000000024000010                _sbss = .
                0x0000000024000010                __bss_start__ = _sbss
 *(.bss)
 .bss           0x0000000024000010       0x1c C:/ST/STM32CubeIDE_1.12.1/STM32CubeIDE/plugins/com.st.stm32cube.ide.mcu.externaltools.gnu-tools-for-stm32.11.3.rel1.win32_1.1.1.202309131626/tools/bin/../lib/gcc/arm-none-eabi/11.3.1/thumb/v7e-m+dp/hard/crtbegin.o
 *(.bss*)
 .bss.hi2c1     0x000000002400002c       0x54 ./Core/Src/main.o
                0x000000002400002c                hi2c1
 .bss.hspi1     0x0000000024000080       0x88 ./Core/Src/main.o
                0x0000000024000080                hspi1
 .bss.hspi2     0x0000000024000108       0x88 ./Core/Src/main.o
                0x0000000024000108                hspi2
 .bss.htim16    0x0000000024000190       0x4c ./Core/Src/main.o
                0x0000000024000190                htim16
 .bss.htim17    0x00000000240001dc       0x4c ./Core/Src/main.o
                0x00000000240001dc                htim17
 .bss.htim24    0x0000000024000228       0x4c ./Core/Src/main.o
                0x0000000024000228                htim24
 .bss.timerOverflow
                0x0000000024000274        0x4 ./Core/Src/main.o
                0x0000000024000274                timerOverflow
 .bss.htim1     0x0000000024000278       0x4c ./Core/Src/stm32h7xx_hal_timebase_tim.o
                0x0000000024000278                htim1
 .bss.uwTick    0x00000000240002c4        0x4 ./Drivers/STM32H7xx_HAL_Driver/Src/stm32h7xx_hal.o
                0x00000000240002c4                uwTick
 *(COMMON)
                0x00000000240002c8                . = ALIGN (0x4)
                0x00000000240002c8                _ebss = .
                0x00000000240002c8                __bss_end__ = _ebss

._user_heap_stack
                0x00000000240002c8      0x600 load address 0x0000000008006b78
                0x00000000240002c8                . = ALIGN (0x8)
                [!provide]                        PROVIDE (end = .)
                0x00000000240002c8                PROVIDE (_end = .)
                0x00000000240004c8                . = (. + _Min_Heap_Size)
 *fill*         0x00000000240002c8      0x200 
                0x00000000240008c8                . = (. + _Min_Stack_Size)
 *fill*         0x00000000240004c8      0x400 
                0x00000000240008c8                . = ALIGN (0x8)

/DISCARD/
 libc.a(*)
 libm.a(*)
 libgcc.a(*)

.ARM.attributes
                0x0000000000000000       0x2e
 *(.ARM.attributes)
 .ARM.attributes
                0x0000000000000000       0x1e C:/ST/STM32CubeIDE_1.12.1/STM32CubeIDE/plugins/com.st.stm32cube.ide.mcu.externaltools.gnu-tools-for-stm32.11.3.rel1.win32_1.1.1.202309131626/tools/bin/../lib/gcc/arm-none-eabi/11.3.1/thumb/v7e-m+dp/hard/crti.o
 .ARM.attributes
                0x000000000000001e       0x32 C:/ST/STM32CubeIDE_1.12.1/STM32CubeIDE/plugins/com.st.stm32cube.ide.mcu.externaltools.gnu-tools-for-stm32.11.3.rel1.win32_1.1.1.202309131626/tools/bin/../lib/gcc/arm-none-eabi/11.3.1/thumb/v7e-m+dp/hard/crtbegin.o
 .ARM.attributes
                0x0000000000000050       0x32 ./Core/Src/main.o
 .ARM.attributes
                0x0000000000000082       0x32 ./Core/Src/stm32h7xx_hal_msp.o
 .ARM.attributes
                0x00000000000000b4       0x32 ./Core/Src/stm32h7xx_hal_timebase_tim.o
 .ARM.attributes
                0x00000000000000e6       0x32 ./Core/Src/stm32h7xx_it.o
 .ARM.attributes
                0x0000000000000118       0x32 ./Core/Src/system_stm32h7xx.o
 .ARM.attributes
                0x000000000000014a       0x21 ./Core/Startup/startup_stm32h725igkx.o
 .ARM.attributes
                0x000000000000016b       0x32 ./Drivers/STM32H7xx_HAL_Driver/Src/stm32h7xx_hal.o
 .ARM.attributes
                0x000000000000019d       0x32 ./Drivers/STM32H7xx_HAL_Driver/Src/stm32h7xx_hal_cortex.o
 .ARM.attributes
                0x00000000000001cf       0x32 ./Drivers/STM32H7xx_HAL_Driver/Src/stm32h7xx_hal_dma.o
 .ARM.attributes
                0x0000000000000201       0x32 ./Drivers/STM32H7xx_HAL_Driver/Src/stm32h7xx_hal_gpio.o
 .ARM.attributes
                0x0000000000000233       0x32 ./Drivers/STM32H7xx_HAL_Driver/Src/stm32h7xx_hal_i2c.o
 .ARM.attributes
                0x0000000000000265       0x32 ./Drivers/STM32H7xx_HAL_Driver/Src/stm32h7xx_hal_i2c_ex.o
 .ARM.attributes
                0x0000000000000297       0x32 ./Drivers/STM32H7xx_HAL_Driver/Src/stm32h7xx_hal_pwr_ex.o
 .ARM.attributes
                0x00000000000002c9       0x32 ./Drivers/STM32H7xx_HAL_Driver/Src/stm32h7xx_hal_rcc.o
 .ARM.attributes
                0x00000000000002fb       0x32 ./Drivers/STM32H7xx_HAL_Driver/Src/stm32h7xx_hal_rcc_ex.o
 .ARM.attributes
                0x000000000000032d       0x32 ./Drivers/STM32H7xx_HAL_Driver/Src/stm32h7xx_hal_spi.o
 .ARM.attributes
                0x000000000000035f       0x32 ./Drivers/STM32H7xx_HAL_Driver/Src/stm32h7xx_hal_tim.o
 .ARM.attributes
                0x0000000000000391       0x32 ./Drivers/STM32H7xx_HAL_Driver/Src/stm32h7xx_hal_tim_ex.o
 .ARM.attributes
                0x00000000000003c3       0x32 C:/ST/STM32CubeIDE_1.12.1/STM32CubeIDE/plugins/com.st.stm32cube.ide.mcu.externaltools.gnu-tools-for-stm32.11.3.rel1.win32_1.1.1.202309131626/tools/bin/../lib/gcc/arm-none-eabi/11.3.1/../../../../arm-none-eabi/lib/thumb/v7e-m+dp/hard\libc_nano.a(libc_a-memset.o)
 .ARM.attributes
                0x00000000000003f5       0x32 C:/ST/STM32CubeIDE_1.12.1/STM32CubeIDE/plugins/com.st.stm32cube.ide.mcu.externaltools.gnu-tools-for-stm32.11.3.rel1.win32_1.1.1.202309131626/tools/bin/../lib/gcc/arm-none-eabi/11.3.1/../../../../arm-none-eabi/lib/thumb/v7e-m+dp/hard\libc_nano.a(libc_a-init.o)
 .ARM.attributes
                0x0000000000000427       0x1e C:/ST/STM32CubeIDE_1.12.1/STM32CubeIDE/plugins/com.st.stm32cube.ide.mcu.externaltools.gnu-tools-for-stm32.11.3.rel1.win32_1.1.1.202309131626/tools/bin/../lib/gcc/arm-none-eabi/11.3.1/thumb/v7e-m+dp/hard/crtn.o
OUTPUT(TMC5160_H725.elf elf32-littlearm)
LOAD linker stubs
LOAD C:/ST/STM32CubeIDE_1.12.1/STM32CubeIDE/plugins/com.st.stm32cube.ide.mcu.externaltools.gnu-tools-for-stm32.11.3.rel1.win32_1.1.1.202309131626/tools/bin/../lib/gcc/arm-none-eabi/11.3.1/../../../../arm-none-eabi/lib/thumb/v7e-m+dp/hard\libc.a
LOAD C:/ST/STM32CubeIDE_1.12.1/STM32CubeIDE/plugins/com.st.stm32cube.ide.mcu.externaltools.gnu-tools-for-stm32.11.3.rel1.win32_1.1.1.202309131626/tools/bin/../lib/gcc/arm-none-eabi/11.3.1/../../../../arm-none-eabi/lib/thumb/v7e-m+dp/hard\libm.a
LOAD C:/ST/STM32CubeIDE_1.12.1/STM32CubeIDE/plugins/com.st.stm32cube.ide.mcu.externaltools.gnu-tools-for-stm32.11.3.rel1.win32_1.1.1.202309131626/tools/bin/../lib/gcc/arm-none-eabi/11.3.1/thumb/v7e-m+dp/hard\libgcc.a

.comment        0x0000000000000000       0x43
 .comment       0x0000000000000000       0x43 C:/ST/STM32CubeIDE_1.12.1/STM32CubeIDE/plugins/com.st.stm32cube.ide.mcu.externaltools.gnu-tools-for-stm32.11.3.rel1.win32_1.1.1.202309131626/tools/bin/../lib/gcc/arm-none-eabi/11.3.1/thumb/v7e-m+dp/hard/crtbegin.o
                                         0x44 (size before relaxing)
 .comment       0x0000000000000043       0x44 ./Core/Src/main.o
 .comment       0x0000000000000043       0x44 ./Core/Src/stm32h7xx_hal_msp.o
 .comment       0x0000000000000043       0x44 ./Core/Src/stm32h7xx_hal_timebase_tim.o
 .comment       0x0000000000000043       0x44 ./Core/Src/stm32h7xx_it.o
 .comment       0x0000000000000043       0x44 ./Core/Src/system_stm32h7xx.o
 .comment       0x0000000000000043       0x44 ./Drivers/STM32H7xx_HAL_Driver/Src/stm32h7xx_hal.o
 .comment       0x0000000000000043       0x44 ./Drivers/STM32H7xx_HAL_Driver/Src/stm32h7xx_hal_cortex.o
 .comment       0x0000000000000043       0x44 ./Drivers/STM32H7xx_HAL_Driver/Src/stm32h7xx_hal_dma.o
 .comment       0x0000000000000043       0x44 ./Drivers/STM32H7xx_HAL_Driver/Src/stm32h7xx_hal_gpio.o
 .comment       0x0000000000000043       0x44 ./Drivers/STM32H7xx_HAL_Driver/Src/stm32h7xx_hal_i2c.o
 .comment       0x0000000000000043       0x44 ./Drivers/STM32H7xx_HAL_Driver/Src/stm32h7xx_hal_i2c_ex.o
 .comment       0x0000000000000043       0x44 ./Drivers/STM32H7xx_HAL_Driver/Src/stm32h7xx_hal_pwr_ex.o
 .comment       0x0000000000000043       0x44 ./Drivers/STM32H7xx_HAL_Driver/Src/stm32h7xx_hal_rcc.o
 .comment       0x0000000000000043       0x44 ./Drivers/STM32H7xx_HAL_Driver/Src/stm32h7xx_hal_rcc_ex.o
 .comment       0x0000000000000043       0x44 ./Drivers/STM32H7xx_HAL_Driver/Src/stm32h7xx_hal_spi.o
 .comment       0x0000000000000043       0x44 ./Drivers/STM32H7xx_HAL_Driver/Src/stm32h7xx_hal_tim.o
 .comment       0x0000000000000043       0x44 ./Drivers/STM32H7xx_HAL_Driver/Src/stm32h7xx_hal_tim_ex.o

.debug_info     0x0000000000000000    0x16d5e
 .debug_info    0x0000000000000000     0x3030 ./Core/Src/main.o
 .debug_info    0x0000000000003030     0x1d4d ./Core/Src/stm32h7xx_hal_msp.o
 .debug_info    0x0000000000004d7d     0x108e ./Core/Src/stm32h7xx_hal_timebase_tim.o
 .debug_info    0x0000000000005e0b      0xf8c ./Core/Src/stm32h7xx_it.o
 .debug_info    0x0000000000006d97      0xb2e ./Core/Src/system_stm32h7xx.o
 .debug_info    0x00000000000078c5       0x23 ./Core/Startup/startup_stm32h725igkx.o
 .debug_info    0x00000000000078e8     0x1698 ./Drivers/STM32H7xx_HAL_Driver/Src/stm32h7xx_hal.o
 .debug_info    0x0000000000008f80     0x1054 ./Drivers/STM32H7xx_HAL_Driver/Src/stm32h7xx_hal_cortex.o
 .debug_info    0x0000000000009fd4      0xb67 ./Drivers/STM32H7xx_HAL_Driver/Src/stm32h7xx_hal_dma.o
 .debug_info    0x000000000000ab3b      0xc5c ./Drivers/STM32H7xx_HAL_Driver/Src/stm32h7xx_hal_gpio.o
 .debug_info    0x000000000000b797     0x222b ./Drivers/STM32H7xx_HAL_Driver/Src/stm32h7xx_hal_i2c.o
 .debug_info    0x000000000000d9c2      0xda1 ./Drivers/STM32H7xx_HAL_Driver/Src/stm32h7xx_hal_i2c_ex.o
 .debug_info    0x000000000000e763      0xdc4 ./Drivers/STM32H7xx_HAL_Driver/Src/stm32h7xx_hal_pwr_ex.o
 .debug_info    0x000000000000f527      0xd73 ./Drivers/STM32H7xx_HAL_Driver/Src/stm32h7xx_hal_rcc.o
 .debug_info    0x000000000001029a     0x11fc ./Drivers/STM32H7xx_HAL_Driver/Src/stm32h7xx_hal_rcc_ex.o
 .debug_info    0x0000000000011496     0x147c ./Drivers/STM32H7xx_HAL_Driver/Src/stm32h7xx_hal_spi.o
 .debug_info    0x0000000000012912     0x2b8b ./Drivers/STM32H7xx_HAL_Driver/Src/stm32h7xx_hal_tim.o
 .debug_info    0x000000000001549d     0x18c1 ./Drivers/STM32H7xx_HAL_Driver/Src/stm32h7xx_hal_tim_ex.o

.debug_abbrev   0x0000000000000000     0x2a6a
 .debug_abbrev  0x0000000000000000      0x4ef ./Core/Src/main.o
 .debug_abbrev  0x00000000000004ef      0x28c ./Core/Src/stm32h7xx_hal_msp.o
 .debug_abbrev  0x000000000000077b      0x212 ./Core/Src/stm32h7xx_hal_timebase_tim.o
 .debug_abbrev  0x000000000000098d      0x1bd ./Core/Src/stm32h7xx_it.o
 .debug_abbrev  0x0000000000000b4a      0x13a ./Core/Src/system_stm32h7xx.o
 .debug_abbrev  0x0000000000000c84       0x12 ./Core/Startup/startup_stm32h725igkx.o
 .debug_abbrev  0x0000000000000c96      0x29e ./Drivers/STM32H7xx_HAL_Driver/Src/stm32h7xx_hal.o
 .debug_abbrev  0x0000000000000f34      0x339 ./Drivers/STM32H7xx_HAL_Driver/Src/stm32h7xx_hal_cortex.o
 .debug_abbrev  0x000000000000126d      0x248 ./Drivers/STM32H7xx_HAL_Driver/Src/stm32h7xx_hal_dma.o
 .debug_abbrev  0x00000000000014b5      0x1fe ./Drivers/STM32H7xx_HAL_Driver/Src/stm32h7xx_hal_gpio.o
 .debug_abbrev  0x00000000000016b3      0x256 ./Drivers/STM32H7xx_HAL_Driver/Src/stm32h7xx_hal_i2c.o
 .debug_abbrev  0x0000000000001909      0x1f5 ./Drivers/STM32H7xx_HAL_Driver/Src/stm32h7xx_hal_i2c_ex.o
 .debug_abbrev  0x0000000000001afe      0x295 ./Drivers/STM32H7xx_HAL_Driver/Src/stm32h7xx_hal_pwr_ex.o
 .debug_abbrev  0x0000000000001d93      0x2b1 ./Drivers/STM32H7xx_HAL_Driver/Src/stm32h7xx_hal_rcc.o
 .debug_abbrev  0x0000000000002044      0x269 ./Drivers/STM32H7xx_HAL_Driver/Src/stm32h7xx_hal_rcc_ex.o
 .debug_abbrev  0x00000000000022ad      0x2b1 ./Drivers/STM32H7xx_HAL_Driver/Src/stm32h7xx_hal_spi.o
 .debug_abbrev  0x000000000000255e      0x276 ./Drivers/STM32H7xx_HAL_Driver/Src/stm32h7xx_hal_tim.o
 .debug_abbrev  0x00000000000027d4      0x296 ./Drivers/STM32H7xx_HAL_Driver/Src/stm32h7xx_hal_tim_ex.o

.debug_aranges  0x0000000000000000     0x1378
 .debug_aranges
                0x0000000000000000      0x158 ./Core/Src/main.o
 .debug_aranges
                0x0000000000000158       0x68 ./Core/Src/stm32h7xx_hal_msp.o
 .debug_aranges
                0x00000000000001c0       0x30 ./Core/Src/stm32h7xx_hal_timebase_tim.o
 .debug_aranges
                0x00000000000001f0       0x88 ./Core/Src/stm32h7xx_it.o
 .debug_aranges
                0x0000000000000278       0x28 ./Core/Src/system_stm32h7xx.o
 .debug_aranges
                0x00000000000002a0       0x28 ./Core/Startup/startup_stm32h725igkx.o
 .debug_aranges
                0x00000000000002c8      0x1c8 ./Drivers/STM32H7xx_HAL_Driver/Src/stm32h7xx_hal.o
 .debug_aranges
                0x0000000000000490      0x120 ./Drivers/STM32H7xx_HAL_Driver/Src/stm32h7xx_hal_cortex.o
 .debug_aranges
                0x00000000000005b0       0xa0 ./Drivers/STM32H7xx_HAL_Driver/Src/stm32h7xx_hal_dma.o
 .debug_aranges
                0x0000000000000650       0x58 ./Drivers/STM32H7xx_HAL_Driver/Src/stm32h7xx_hal_gpio.o
 .debug_aranges
                0x00000000000006a8      0x2a0 ./Drivers/STM32H7xx_HAL_Driver/Src/stm32h7xx_hal_i2c.o
 .debug_aranges
                0x0000000000000948       0x48 ./Drivers/STM32H7xx_HAL_Driver/Src/stm32h7xx_hal_i2c_ex.o
 .debug_aranges
                0x0000000000000990      0x148 ./Drivers/STM32H7xx_HAL_Driver/Src/stm32h7xx_hal_pwr_ex.o
 .debug_aranges
                0x0000000000000ad8       0x88 ./Drivers/STM32H7xx_HAL_Driver/Src/stm32h7xx_hal_rcc.o
 .debug_aranges
                0x0000000000000b60       0xf8 ./Drivers/STM32H7xx_HAL_Driver/Src/stm32h7xx_hal_rcc_ex.o
 .debug_aranges
                0x0000000000000c58      0x1a8 ./Drivers/STM32H7xx_HAL_Driver/Src/stm32h7xx_hal_spi.o
 .debug_aranges
                0x0000000000000e00      0x3e0 ./Drivers/STM32H7xx_HAL_Driver/Src/stm32h7xx_hal_tim.o
 .debug_aranges
                0x00000000000011e0      0x198 ./Drivers/STM32H7xx_HAL_Driver/Src/stm32h7xx_hal_tim_ex.o

.debug_rnglists
                0x0000000000000000      0xf36
 .debug_rnglists
                0x0000000000000000      0x110 ./Core/Src/main.o
 .debug_rnglists
                0x0000000000000110       0x4e ./Core/Src/stm32h7xx_hal_msp.o
 .debug_rnglists
                0x000000000000015e       0x20 ./Core/Src/stm32h7xx_hal_timebase_tim.o
 .debug_rnglists
                0x000000000000017e       0x61 ./Core/Src/stm32h7xx_it.o
 .debug_rnglists
                0x00000000000001df       0x1b ./Core/Src/system_stm32h7xx.o
 .debug_rnglists
                0x00000000000001fa       0x19 ./Core/Startup/startup_stm32h725igkx.o
 .debug_rnglists
                0x0000000000000213      0x155 ./Drivers/STM32H7xx_HAL_Driver/Src/stm32h7xx_hal.o
 .debug_rnglists
                0x0000000000000368       0xd4 ./Drivers/STM32H7xx_HAL_Driver/Src/stm32h7xx_hal_cortex.o
 .debug_rnglists
                0x000000000000043c       0x82 ./Drivers/STM32H7xx_HAL_Driver/Src/stm32h7xx_hal_dma.o
 .debug_rnglists
                0x00000000000004be       0x3f ./Drivers/STM32H7xx_HAL_Driver/Src/stm32h7xx_hal_gpio.o
 .debug_rnglists
                0x00000000000004fd      0x22a ./Drivers/STM32H7xx_HAL_Driver/Src/stm32h7xx_hal_i2c.o
 .debug_rnglists
                0x0000000000000727       0x35 ./Drivers/STM32H7xx_HAL_Driver/Src/stm32h7xx_hal_i2c_ex.o
 .debug_rnglists
                0x000000000000075c       0xf5 ./Drivers/STM32H7xx_HAL_Driver/Src/stm32h7xx_hal_pwr_ex.o
 .debug_rnglists
                0x0000000000000851       0x68 ./Drivers/STM32H7xx_HAL_Driver/Src/stm32h7xx_hal_rcc.o
 .debug_rnglists
                0x00000000000008b9       0xc0 ./Drivers/STM32H7xx_HAL_Driver/Src/stm32h7xx_hal_rcc_ex.o
 .debug_rnglists
                0x0000000000000979      0x148 ./Drivers/STM32H7xx_HAL_Driver/Src/stm32h7xx_hal_spi.o
 .debug_rnglists
                0x0000000000000ac1      0x328 ./Drivers/STM32H7xx_HAL_Driver/Src/stm32h7xx_hal_tim.o
 .debug_rnglists
                0x0000000000000de9      0x14d ./Drivers/STM32H7xx_HAL_Driver/Src/stm32h7xx_hal_tim_ex.o

.debug_macro    0x0000000000000000     0x3256
 .debug_macro   0x0000000000000000      0x3f0 ./Core/Src/main.o
 .debug_macro   0x00000000000003f0       0x35 ./Core/Src/main.o
 .debug_macro   0x0000000000000425      0x147 ./Core/Src/main.o
 .debug_macro   0x000000000000056c      0x2bd ./Core/Src/stm32h7xx_hal_msp.o
 .debug_macro   0x0000000000000829      0x2ae ./Core/Src/stm32h7xx_hal_timebase_tim.o
 .debug_macro   0x0000000000000ad7      0x2c7 ./Core/Src/stm32h7xx_it.o
 .debug_macro   0x0000000000000d9e      0x2ae ./Core/Src/system_stm32h7xx.o
 .debug_macro   0x000000000000104c      0x2d8 ./Drivers/STM32H7xx_HAL_Driver/Src/stm32h7xx_hal.o
 .debug_macro   0x0000000000001324      0x2ae ./Drivers/STM32H7xx_HAL_Driver/Src/stm32h7xx_hal_cortex.o
 .debug_macro   0x00000000000015d2      0x302 ./Drivers/STM32H7xx_HAL_Driver/Src/stm32h7xx_hal_dma.o
 .debug_macro   0x00000000000018d4      0x2b5 ./Drivers/STM32H7xx_HAL_Driver/Src/stm32h7xx_hal_gpio.o
 .debug_macro   0x0000000000001b89      0x37a ./Drivers/STM32H7xx_HAL_Driver/Src/stm32h7xx_hal_i2c.o
 .debug_macro   0x0000000000001f03      0x2ae ./Drivers/STM32H7xx_HAL_Driver/Src/stm32h7xx_hal_i2c_ex.o
 .debug_macro   0x00000000000021b1      0x2e7 ./Drivers/STM32H7xx_HAL_Driver/Src/stm32h7xx_hal_pwr_ex.o
 .debug_macro   0x0000000000002498      0x2d2 ./Drivers/STM32H7xx_HAL_Driver/Src/stm32h7xx_hal_rcc.o
 .debug_macro   0x000000000000276a      0x2cc ./Drivers/STM32H7xx_HAL_Driver/Src/stm32h7xx_hal_rcc_ex.o
 .debug_macro   0x0000000000002a36      0x2bd ./Drivers/STM32H7xx_HAL_Driver/Src/stm32h7xx_hal_spi.o
 .debug_macro   0x0000000000002cf3      0x2af ./Drivers/STM32H7xx_HAL_Driver/Src/stm32h7xx_hal_tim.o
 .debug_macro   0x0000000000002fa2      0x2b4 ./Drivers/STM32H7xx_HAL_Driver/Src/stm32h7xx_hal_tim_ex.o

.debug_line     0x0000000000000000    0x1960b
 .debug_line    0x0000000000000000     0x13c5 ./Core/Src/main.o
 .debug_line    0x00000000000013c5      0xb17 ./Core/Src/stm32h7xx_hal_msp.o
 .debug_line    0x0000000000001edc      0x943 ./Core/Src/stm32h7xx_hal_timebase_tim.o
 .debug_line    0x000000000000281f      0xa0e ./Core/Src/stm32h7xx_it.o
 .debug_line    0x000000000000322d      0xa7d ./Core/Src/system_stm32h7xx.o
 .debug_line    0x0000000000003caa       0x7a ./Core/Startup/startup_stm32h725igkx.o
 .debug_line    0x0000000000003d24      0xf14 ./Drivers/STM32H7xx_HAL_Driver/Src/stm32h7xx_hal.o
 .debug_line    0x0000000000004c38      0xe8c ./Drivers/STM32H7xx_HAL_Driver/Src/stm32h7xx_hal_cortex.o
 .debug_line    0x0000000000005ac4     0x27d7 ./Drivers/STM32H7xx_HAL_Driver/Src/stm32h7xx_hal_dma.o
 .debug_line    0x000000000000829b      0xd35 ./Drivers/STM32H7xx_HAL_Driver/Src/stm32h7xx_hal_gpio.o
 .debug_line    0x0000000000008fd0     0x3c79 ./Drivers/STM32H7xx_HAL_Driver/Src/stm32h7xx_hal_i2c.o
 .debug_line    0x000000000000cc49      0xaf6 ./Drivers/STM32H7xx_HAL_Driver/Src/stm32h7xx_hal_i2c_ex.o
 .debug_line    0x000000000000d73f      0xf26 ./Drivers/STM32H7xx_HAL_Driver/Src/stm32h7xx_hal_pwr_ex.o
 .debug_line    0x000000000000e665     0x13ad ./Drivers/STM32H7xx_HAL_Driver/Src/stm32h7xx_hal_rcc.o
 .debug_line    0x000000000000fa12     0x1c66 ./Drivers/STM32H7xx_HAL_Driver/Src/stm32h7xx_hal_rcc_ex.o
 .debug_line    0x0000000000011678     0x1f8c ./Drivers/STM32H7xx_HAL_Driver/Src/stm32h7xx_hal_spi.o
 .debug_line    0x0000000000013604     0x4064 ./Drivers/STM32H7xx_HAL_Driver/Src/stm32h7xx_hal_tim.o
 .debug_line    0x0000000000017668     0x1fa3 ./Drivers/STM32H7xx_HAL_Driver/Src/stm32h7xx_hal_tim_ex.o

.debug_str      0x0000000000000000   0x14a7c9
 .debug_str     0x0000000000000000   0x144f3d ./Core/Src/main.o
                                     0x145593 (size before relaxing)
 .debug_str     0x0000000000144f3d      0xb80 ./Core/Src/stm32h7xx_hal_msp.o
                                     0x144aae (size before relaxing)
 .debug_str     0x0000000000145abd       0xe5 ./Core/Src/stm32h7xx_hal_timebase_tim.o
                                     0x143e0b (size before relaxing)
 .debug_str     0x0000000000145ba2      0x13d ./Core/Src/stm32h7xx_it.o
                                     0x143d08 (size before relaxing)
 .debug_str     0x0000000000145cdf      0x1a1 ./Core/Src/system_stm32h7xx.o
                                     0x1430ed (size before relaxing)
 .debug_str     0x0000000000145e80       0x34 ./Core/Startup/startup_stm32h725igkx.o
                                         0x7c (size before relaxing)
 .debug_str     0x0000000000145eb4      0x96a ./Drivers/STM32H7xx_HAL_Driver/Src/stm32h7xx_hal.o
                                     0x144177 (size before relaxing)
 .debug_str     0x000000000014681e      0x26b ./Drivers/STM32H7xx_HAL_Driver/Src/stm32h7xx_hal_cortex.o
                                     0x143a59 (size before relaxing)
 .debug_str     0x0000000000146a89      0x8e4 ./Drivers/STM32H7xx_HAL_Driver/Src/stm32h7xx_hal_dma.o
                                     0x1438a2 (size before relaxing)
 .debug_str     0x000000000014736d       0xdb ./Drivers/STM32H7xx_HAL_Driver/Src/stm32h7xx_hal_gpio.o
                                     0x143138 (size before relaxing)
 .debug_str     0x0000000000147448      0xd78 ./Drivers/STM32H7xx_HAL_Driver/Src/stm32h7xx_hal_i2c.o
                                     0x1441da (size before relaxing)
 .debug_str     0x00000000001481c0       0xb8 ./Drivers/STM32H7xx_HAL_Driver/Src/stm32h7xx_hal_i2c_ex.o
                                     0x1435a7 (size before relaxing)
 .debug_str     0x0000000000148278      0x5de ./Drivers/STM32H7xx_HAL_Driver/Src/stm32h7xx_hal_pwr_ex.o
                                     0x143540 (size before relaxing)
 .debug_str     0x0000000000148856      0x1f8 ./Drivers/STM32H7xx_HAL_Driver/Src/stm32h7xx_hal_rcc.o
                                     0x1434bb (size before relaxing)
 .debug_str     0x0000000000148a4e      0x639 ./Drivers/STM32H7xx_HAL_Driver/Src/stm32h7xx_hal_rcc_ex.o
                                     0x1439d3 (size before relaxing)
 .debug_str     0x0000000000149087      0x4c2 ./Drivers/STM32H7xx_HAL_Driver/Src/stm32h7xx_hal_spi.o
                                     0x143825 (size before relaxing)
 .debug_str     0x0000000000149549      0xd74 ./Drivers/STM32H7xx_HAL_Driver/Src/stm32h7xx_hal_tim.o
                                     0x1442a9 (size before relaxing)
 .debug_str     0x000000000014a2bd      0x50c ./Drivers/STM32H7xx_HAL_Driver/Src/stm32h7xx_hal_tim_ex.o
                                     0x143c66 (size before relaxing)

.debug_frame    0x0000000000000000     0x5360
 .debug_frame   0x0000000000000000      0x598 ./Core/Src/main.o
 .debug_frame   0x0000000000000598      0x18c ./Core/Src/stm32h7xx_hal_msp.o
 .debug_frame   0x0000000000000724       0x74 ./Core/Src/stm32h7xx_hal_timebase_tim.o
 .debug_frame   0x0000000000000798      0x194 ./Core/Src/stm32h7xx_it.o
 .debug_frame   0x000000000000092c       0x58 ./Core/Src/system_stm32h7xx.o
 .debug_frame   0x0000000000000984      0x760 ./Drivers/STM32H7xx_HAL_Driver/Src/stm32h7xx_hal.o
 .debug_frame   0x00000000000010e4      0x4b8 ./Drivers/STM32H7xx_HAL_Driver/Src/stm32h7xx_hal_cortex.o
 .debug_frame   0x000000000000159c      0x2b4 ./Drivers/STM32H7xx_HAL_Driver/Src/stm32h7xx_hal_dma.o
 .debug_frame   0x0000000000001850      0x14c ./Drivers/STM32H7xx_HAL_Driver/Src/stm32h7xx_hal_gpio.o
 .debug_frame   0x000000000000199c      0xc40 ./Drivers/STM32H7xx_HAL_Driver/Src/stm32h7xx_hal_i2c.o
 .debug_frame   0x00000000000025dc      0x100 ./Drivers/STM32H7xx_HAL_Driver/Src/stm32h7xx_hal_i2c_ex.o
 .debug_frame   0x00000000000026dc      0x540 ./Drivers/STM32H7xx_HAL_Driver/Src/stm32h7xx_hal_pwr_ex.o
 .debug_frame   0x0000000000002c1c      0x1fc ./Drivers/STM32H7xx_HAL_Driver/Src/stm32h7xx_hal_rcc.o
 .debug_frame   0x0000000000002e18      0x414 ./Drivers/STM32H7xx_HAL_Driver/Src/stm32h7xx_hal_rcc_ex.o
 .debug_frame   0x000000000000322c      0x7a8 ./Drivers/STM32H7xx_HAL_Driver/Src/stm32h7xx_hal_spi.o
 .debug_frame   0x00000000000039d4     0x121c ./Drivers/STM32H7xx_HAL_Driver/Src/stm32h7xx_hal_tim.o
 .debug_frame   0x0000000000004bf0      0x724 ./Drivers/STM32H7xx_HAL_Driver/Src/stm32h7xx_hal_tim_ex.o
 .debug_frame   0x0000000000005314       0x20 C:/ST/STM32CubeIDE_1.12.1/STM32CubeIDE/plugins/com.st.stm32cube.ide.mcu.externaltools.gnu-tools-for-stm32.11.3.rel1.win32_1.1.1.202309131626/tools/bin/../lib/gcc/arm-none-eabi/11.3.1/../../../../arm-none-eabi/lib/thumb/v7e-m+dp/hard\libc_nano.a(libc_a-memset.o)
 .debug_frame   0x0000000000005334       0x2c C:/ST/STM32CubeIDE_1.12.1/STM32CubeIDE/plugins/com.st.stm32cube.ide.mcu.externaltools.gnu-tools-for-stm32.11.3.rel1.win32_1.1.1.202309131626/tools/bin/../lib/gcc/arm-none-eabi/11.3.1/../../../../arm-none-eabi/lib/thumb/v7e-m+dp/hard\libc_nano.a(libc_a-init.o)

.debug_line_str
                0x0000000000000000       0x70
 .debug_line_str
                0x0000000000000000       0x70 ./Core/Startup/startup_stm32h725igkx.o
                                         0x88 (size before relaxing)
