../Core/Src/main.c:74:8:calcFrequency	48	static
../Core/Src/main.c:82:6:Thread	48	static
../Core/Src/main.c:118:6:TmcStart	32	static
../Core/Src/main.c:129:10:ReadHardwareTimer	16	static
../Core/Src/main.c:135:10:ReadTimerOverflow	4	static
../Core/Src/main.c:142:10:mem_read_reg	40	static
../Core/Src/main.c:154:6:writeAd7790	24	static
../Core/Src/main.c:175:10:readAd7790	32	static
../Core/Src/main.c:194:6:writeModeReg	24	static
../Core/Src/main.c:215:7:readADC7794	32	static
../Core/Src/main.c:224:15:AD7799_GetRegisterValue	48	static
../Core/Src/main.c:259:6:AD7799_Reset	16	static
../Core/Src/main.c:268:6:AD7799_SetRegisterValue	24	static
../Core/Src/main.c:297:15:AD7799_Ready	16	static
../Core/Src/main.c:306:6:AD7799_SetMode	24	static
../Core/Src/main.c:321:6:AD7799_SetChannel	24	static
../Core/Src/main.c:335:6:AD7799_SetGain	24	static
../Core/Src/main.c:349:6:AD7799_SetReference	24	static
../Core/Src/main.c:360:15:AD7799_Init	16	static
../Core/Src/main.c:383:6:setActiveCh	24	static
../Core/Src/main.c:402:10:getConvResult	40	static
../Core/Src/main.c:423:1:getReadingRaw	24	static
../Core/Src/main.c:428:9:SPI2_Read_OneByte	40	static
../Core/Src/main.c:445:6:SPI2_Read_buf	32	static
../Core/Src/main.c:463:6:SPI2_Write_buf	48	static
../Core/Src/main.c:491:6:AD7794_Reset	16	static
../Core/Src/main.c:498:6:AD7794_Init	72	static
../Core/Src/main.c:549:9:Read_AD7794_Data	24	static
../Core/Src/main.c:585:5:main	168	static,ignoring_inline_asm
../Core/Src/main.c:1070:6:SystemClock_Config	120	static
../Core/Src/main.c:1130:13:MX_I2C1_Init	8	static
../Core/Src/main.c:1178:13:MX_SPI1_Init	8	static
../Core/Src/main.c:1226:13:MX_SPI2_Init	8	static
../Core/Src/main.c:1274:13:MX_TIM16_Init	88	static
../Core/Src/main.c:1337:13:MX_TIM17_Init	88	static
../Core/Src/main.c:1400:13:MX_TIM24_Init	48	static
../Core/Src/main.c:1454:13:MX_GPIO_Init	56	static
../Core/Src/main.c:1555:6:MPU_Config	24	static
../Core/Src/main.c:1590:6:HAL_TIM_PeriodElapsedCallback	16	static
../Core/Src/main.c:1612:6:Error_Handler	4	static,ignoring_inline_asm
